Archive member included to satisfy reference by file (symbol)

c:/program files (x86)/gnu tools arm embedded/5.3 2016q1/bin/../lib/gcc/arm-none-eabi/5.3.1/../../../../arm-none-eabi/lib/armv7-m\libg_nano.a(lib_a-errno.o)
                              ./system/src/newlib/_sbrk.o (__errno)
c:/program files (x86)/gnu tools arm embedded/5.3 2016q1/bin/../lib/gcc/arm-none-eabi/5.3.1/../../../../arm-none-eabi/lib/armv7-m\libg_nano.a(lib_a-impure.o)
                              c:/program files (x86)/gnu tools arm embedded/5.3 2016q1/bin/../lib/gcc/arm-none-eabi/5.3.1/../../../../arm-none-eabi/lib/armv7-m\libg_nano.a(lib_a-errno.o) (_impure_ptr)
c:/program files (x86)/gnu tools arm embedded/5.3 2016q1/bin/../lib/gcc/arm-none-eabi/5.3.1/../../../../arm-none-eabi/lib/armv7-m\libg_nano.a(lib_a-memcpy-stub.o)
                              ./FreeRTOS_stm32f103vg/Source/queue.o (memcpy)
c:/program files (x86)/gnu tools arm embedded/5.3 2016q1/bin/../lib/gcc/arm-none-eabi/5.3.1/../../../../arm-none-eabi/lib/armv7-m\libg_nano.a(lib_a-memset.o)
                              ./FreeRTOS_stm32f103vg/Source/tasks.o (memset)
c:/program files (x86)/gnu tools arm embedded/5.3 2016q1/bin/../lib/gcc/arm-none-eabi/5.3.1/../../../../arm-none-eabi/lib/armv7-m\libg_nano.a(lib_a-strlen.o)
                              ./system/src/diag/Trace.o (strlen)
c:/program files (x86)/gnu tools arm embedded/5.3 2016q1/bin/../lib/gcc/arm-none-eabi/5.3.1/../../../../arm-none-eabi/lib/armv7-m\libg_nano.a(lib_a-vsnprintf.o)
                              ./system/src/diag/Trace.o (vsnprintf)
c:/program files (x86)/gnu tools arm embedded/5.3 2016q1/bin/../lib/gcc/arm-none-eabi/5.3.1/../../../../arm-none-eabi/lib/armv7-m\libg_nano.a(lib_a-nano-svfprintf.o)
                              c:/program files (x86)/gnu tools arm embedded/5.3 2016q1/bin/../lib/gcc/arm-none-eabi/5.3.1/../../../../arm-none-eabi/lib/armv7-m\libg_nano.a(lib_a-vsnprintf.o) (_svfprintf_r)
c:/program files (x86)/gnu tools arm embedded/5.3 2016q1/bin/../lib/gcc/arm-none-eabi/5.3.1/../../../../arm-none-eabi/lib/armv7-m\libg_nano.a(lib_a-nano-vfprintf_i.o)
                              c:/program files (x86)/gnu tools arm embedded/5.3 2016q1/bin/../lib/gcc/arm-none-eabi/5.3.1/../../../../arm-none-eabi/lib/armv7-m\libg_nano.a(lib_a-nano-svfprintf.o) (_printf_i)
c:/program files (x86)/gnu tools arm embedded/5.3 2016q1/bin/../lib/gcc/arm-none-eabi/5.3.1/../../../../arm-none-eabi/lib/armv7-m\libg_nano.a(lib_a-memchr-stub.o)
                              c:/program files (x86)/gnu tools arm embedded/5.3 2016q1/bin/../lib/gcc/arm-none-eabi/5.3.1/../../../../arm-none-eabi/lib/armv7-m\libg_nano.a(lib_a-nano-svfprintf.o) (memchr)
c:/program files (x86)/gnu tools arm embedded/5.3 2016q1/bin/../lib/gcc/arm-none-eabi/5.3.1/../../../../arm-none-eabi/lib/armv7-m\libg_nano.a(lib_a-memmove.o)
                              c:/program files (x86)/gnu tools arm embedded/5.3 2016q1/bin/../lib/gcc/arm-none-eabi/5.3.1/../../../../arm-none-eabi/lib/armv7-m\libg_nano.a(lib_a-nano-svfprintf.o) (memmove)
c:/program files (x86)/gnu tools arm embedded/5.3 2016q1/bin/../lib/gcc/arm-none-eabi/5.3.1/../../../../arm-none-eabi/lib/armv7-m\libg_nano.a(lib_a-nano-freer.o)
                              c:/program files (x86)/gnu tools arm embedded/5.3 2016q1/bin/../lib/gcc/arm-none-eabi/5.3.1/../../../../arm-none-eabi/lib/armv7-m\libg_nano.a(lib_a-nano-svfprintf.o) (_free_r)
c:/program files (x86)/gnu tools arm embedded/5.3 2016q1/bin/../lib/gcc/arm-none-eabi/5.3.1/../../../../arm-none-eabi/lib/armv7-m\libg_nano.a(lib_a-nano-mallocr.o)
                              c:/program files (x86)/gnu tools arm embedded/5.3 2016q1/bin/../lib/gcc/arm-none-eabi/5.3.1/../../../../arm-none-eabi/lib/armv7-m\libg_nano.a(lib_a-nano-svfprintf.o) (_malloc_r)
c:/program files (x86)/gnu tools arm embedded/5.3 2016q1/bin/../lib/gcc/arm-none-eabi/5.3.1/../../../../arm-none-eabi/lib/armv7-m\libg_nano.a(lib_a-nano-reallocr.o)
                              c:/program files (x86)/gnu tools arm embedded/5.3 2016q1/bin/../lib/gcc/arm-none-eabi/5.3.1/../../../../arm-none-eabi/lib/armv7-m\libg_nano.a(lib_a-nano-svfprintf.o) (_realloc_r)
c:/program files (x86)/gnu tools arm embedded/5.3 2016q1/bin/../lib/gcc/arm-none-eabi/5.3.1/../../../../arm-none-eabi/lib/armv7-m\libg_nano.a(lib_a-sbrkr.o)
                              c:/program files (x86)/gnu tools arm embedded/5.3 2016q1/bin/../lib/gcc/arm-none-eabi/5.3.1/../../../../arm-none-eabi/lib/armv7-m\libg_nano.a(lib_a-nano-mallocr.o) (_sbrk_r)
c:/program files (x86)/gnu tools arm embedded/5.3 2016q1/bin/../lib/gcc/arm-none-eabi/5.3.1/../../../../arm-none-eabi/lib/armv7-m\libg_nano.a(lib_a-nano-msizer.o)
                              c:/program files (x86)/gnu tools arm embedded/5.3 2016q1/bin/../lib/gcc/arm-none-eabi/5.3.1/../../../../arm-none-eabi/lib/armv7-m\libg_nano.a(lib_a-nano-reallocr.o) (_malloc_usable_size_r)

Allocating common symbols
Common symbol       size              file

[...]
Memory Configuration

Name             Origin             Length             Attributes
RAM              0x20000000         0x00005000         xrw
CCMRAM           0x00000000         0x00000000         xrw
FLASH            0x08000000         0x00020000         xr
FLASHB1          0x00000000         0x00000000         xr
EXTMEMB0         0x00000000         0x00000000         xr
EXTMEMB1         0x00000000         0x00000000         xr
EXTMEMB2         0x00000000         0x00000000         xr
EXTMEMB3         0x00000000         0x00000000         xr
MEMORY_ARRAY     0x00000000         0x00000000         xrw
*default*        0x00000000         0xffffffff

Linker script and memory map

LOAD ./system/src/stm32f1-stdperiph/misc.o
LOAD ./system/src/stm32f1-stdperiph/stm32f10x_gpio.o
LOAD ./system/src/stm32f1-stdperiph/stm32f10x_rcc.o
LOAD ./system/src/newlib/_cxx.o
LOAD ./system/src/newlib/_exit.o
LOAD ./system/src/newlib/_sbrk.o
LOAD ./system/src/newlib/_startup.o
LOAD ./system/src/newlib/_syscalls.o
LOAD ./system/src/newlib/assert.o
LOAD ./system/src/diag/Trace.o
LOAD ./system/src/diag/trace_impl.o
LOAD ./system/src/cortexm/_initialize_hardware.o
LOAD ./system/src/cortexm/_reset_hardware.o
LOAD ./system/src/cortexm/exception_handlers.o
LOAD ./system/src/cmsis/system_stm32f10x.o
LOAD ./system/src/cmsis/vectors_stm32f10x.o
LOAD ./src/BlinkLed.o
LOAD ./src/Timer.o
LOAD ./src/_write.o
LOAD ./src/main.o
LOAD ./FreeRTOS_stm32f103vg/Source/portable/MemMang/heap_4.o
LOAD ./FreeRTOS_stm32f103vg/Source/portable/GCC/ARM_CM3/port.o
LOAD ./FreeRTOS_stm32f103vg/Source/croutine.o
LOAD ./FreeRTOS_stm32f103vg/Source/event_groups.o
LOAD ./FreeRTOS_stm32f103vg/Source/list.o
LOAD ./FreeRTOS_stm32f103vg/Source/queue.o
LOAD ./FreeRTOS_stm32f103vg/Source/tasks.o
LOAD ./FreeRTOS_stm32f103vg/Source/timers.o
LOAD c:/program files (x86)/gnu tools arm embedded/5.3 2016q1/bin/../lib/gcc/arm-none-eabi/5.3.1/../../../../arm-none-eabi/lib/armv7-m\libstdc++_nano.a
LOAD c:/program files (x86)/gnu tools arm embedded/5.3 2016q1/bin/../lib/gcc/arm-none-eabi/5.3.1/../../../../arm-none-eabi/lib/armv7-m\libm.a
START GROUP
LOAD c:/program files (x86)/gnu tools arm embedded/5.3 2016q1/bin/../lib/gcc/arm-none-eabi/5.3.1/armv7-m\libgcc.a
LOAD c:/program files (x86)/gnu tools arm embedded/5.3 2016q1/bin/../lib/gcc/arm-none-eabi/5.3.1/../../../../arm-none-eabi/lib/armv7-m\libg_nano.a
LOAD c:/program files (x86)/gnu tools arm embedded/5.3 2016q1/bin/../lib/gcc/arm-none-eabi/5.3.1/../../../../arm-none-eabi/lib/armv7-m\libc_nano.a
END GROUP
START GROUP
LOAD c:/program files (x86)/gnu tools arm embedded/5.3 2016q1/bin/../lib/gcc/arm-none-eabi/5.3.1/armv7-m\libgcc.a
LOAD c:/program files (x86)/gnu tools arm embedded/5.3 2016q1/bin/../lib/gcc/arm-none-eabi/5.3.1/../../../../arm-none-eabi/lib/armv7-m\libc_nano.a
END GROUP
                0x20005000                __stack = (ORIGIN (RAM) + LENGTH (RAM))
                0x20005000                _estack = __stack
                0x00000400                __Main_Stack_Size = 0x400
                [!provide]                PROVIDE (_Main_Stack_Size, __Main_Stack_Size)
                0x20004c00                __Main_Stack_Limit = (__stack - __Main_Stack_Size)
                [!provide]                PROVIDE (_Main_Stack_Limit, __Main_Stack_Limit)
                0x00000100                _Minimum_Stack_Size = 0x100
                0x20004a48                PROVIDE (_Heap_Begin, _end_noinit)
                0x20004c00                PROVIDE (_Heap_Limit, (__stack - __Main_Stack_Size))

.isr_vector     0x08000000      0x348
 FILL mask 0xff
                0x08000000                __vectors_start = ABSOLUTE (.)
                0x08000000                __vectors_start__ = ABSOLUTE (.)
 *(.isr_vector)
 .isr_vector    0x08000000      0x10c ./system/src/cmsis/vectors_stm32f10x.o
                0x08000000                __isr_vectors
 *(.cfmconfig)
 *(.after_vectors .after_vectors.*)
 .after_vectors
                0x0800010c      0x114 ./system/src/newlib/_startup.o
                0x0800010c                _start
 .after_vectors
                0x08000220      0x124 ./system/src/cortexm/exception_handlers.o
                0x08000220                Reset_Handler
                0x08000228                NMI_Handler
                0x0800022c                HardFault_Handler
                0x08000240                HardFault_Handler_C
                0x080002a0                MemManage_Handler
                0x080002a4                BusFault_Handler
                0x080002b8                BusFault_Handler_C
                0x080002ec                UsageFault_Handler
                0x08000300                UsageFault_Handler_C
                0x08000334                DebugMon_Handler
 .after_vectors
                0x08000344        0x4 ./system/src/cmsis/vectors_stm32f10x.o
                0x08000344                EXTI2_IRQHandler
                0x08000344                TIM8_TRG_COM_IRQHandler
                0x08000344                TIM8_CC_IRQHandler
                0x08000344                TIM1_CC_IRQHandler
                0x08000344                TIM6_IRQHandler
                0x08000344                PVD_IRQHandler
                0x08000344                SDIO_IRQHandler
                0x08000344                CAN2_RX1_IRQHandler
                0x08000344                EXTI3_IRQHandler
                0x08000344                TIM8_TRG_COM_TIM14_IRQHandler
                0x08000344                TIM1_UP_TIM10_IRQHandler
                0x08000344                TIM8_UP_TIM13_IRQHandler
                0x08000344                EXTI0_IRQHandler
                0x08000344                I2C2_EV_IRQHandler
                0x08000344                CAN1_RX0_IRQHandler
                0x08000344                TIM1_UP_TIM16_IRQHandler
                0x08000344                CAN2_SCE_IRQHandler
                0x08000344                ADC1_2_IRQHandler
                0x08000344                SPI1_IRQHandler
                0x08000344                TAMPER_IRQHandler
                0x08000344                TIM6_DAC_IRQHandler
                0x08000344                TIM1_BRK_TIM9_IRQHandler
                0x08000344                CAN2_RX0_IRQHandler
                0x08000344                TIM8_UP_IRQHandler
                0x08000344                DMA2_Channel2_IRQHandler
                0x08000344                DMA1_Channel4_IRQHandler
                0x08000344                USART3_IRQHandler
                0x08000344                RTC_IRQHandler
                0x08000344                DMA1_Channel7_IRQHandler
                0x08000344                CAN1_RX1_IRQHandler
                0x08000344                UART5_IRQHandler
                0x08000344                ADC3_IRQHandler
                0x08000344                TIM4_IRQHandler
                0x08000344                DMA2_Channel1_IRQHandler
                0x08000344                I2C1_EV_IRQHandler
                0x08000344                DMA1_Channel6_IRQHandler
                0x08000344                UART4_IRQHandler
                0x08000344                DMA2_Channel4_IRQHandler
                0x08000344                TIM3_IRQHandler
                0x08000344                RCC_IRQHandler
                0x08000344                TIM8_BRK_TIM12_IRQHandler
                0x08000344                TIM1_TRG_COM_IRQHandler
                0x08000344                DMA1_Channel1_IRQHandler
                0x08000344                Default_Handler
                0x08000344                CEC_IRQHandler
                0x08000344                EXTI15_10_IRQHandler
                0x08000344                TIM14_IRQHandler
                0x08000344                TIM13_IRQHandler
                0x08000344                TIM12_IRQHandler
                0x08000344                TIM7_IRQHandler
                0x08000344                CAN2_TX_IRQHandler
                0x08000344                TIM5_IRQHandler
                0x08000344                EXTI9_5_IRQHandler
                0x08000344                ETH_WKUP_IRQHandler
                0x08000344                SPI2_IRQHandler
                0x08000344                CAN1_TX_IRQHandler
                0x08000344                DMA2_Channel5_IRQHandler
                0x08000344                DMA1_Channel5_IRQHandler
                0x08000344                EXTI4_IRQHandler
                0x08000344                USB_LP_CAN1_RX0_IRQHandler
                0x08000344                TIM1_TRG_COM_TIM17_IRQHandler
                0x08000344                USB_HP_CAN1_TX_IRQHandler
                0x08000344                DMA1_Channel3_IRQHandler
                0x08000344                FSMC_IRQHandler
                0x08000344                ETH_IRQHandler
                0x08000344                TIM1_UP_IRQHandler
                0x08000344                WWDG_IRQHandler
                0x08000344                TIM2_IRQHandler
                0x08000344                OTG_FS_WKUP_IRQHandler
                0x08000344                TIM1_TRG_COM_TIM11_IRQHandler
                0x08000344                TIM1_BRK_IRQHandler
                0x08000344                EXTI1_IRQHandler
                0x08000344                RTCAlarm_IRQHandler
                0x08000344                DMA2_Channel4_5_IRQHandler
                0x08000344                USART2_IRQHandler
                0x08000344                I2C2_ER_IRQHandler
                0x08000344                DMA1_Channel2_IRQHandler
                0x08000344                TIM8_BRK_IRQHandler
                0x08000344                CAN1_SCE_IRQHandler
                0x08000344                FLASH_IRQHandler
                0x08000344                USART1_IRQHandler
                0x08000344                OTG_FS_IRQHandler
                0x08000344                SPI3_IRQHandler
                0x08000344                I2C1_ER_IRQHandler
                0x08000344                USBWakeUp_IRQHandler
                0x08000344                DMA2_Channel3_IRQHandler
                0x08000344                TIM1_BRK_TIM15_IRQHandler

.inits          0x08000348       0x28
                0x08000348                __data_regions_array_start = .
                0x08000348        0x4 LONG 0x80022dc LOADADDR (.data)
                0x0800034c        0x4 LONG 0x20000000 ADDR (.data)
                0x08000350        0x4 LONG 0x2000008c (ADDR (.data) + SIZEOF (.data))
                0x08000354        0x4 LONG 0x80022dc LOADADDR (.data_CCMRAM)
                0x08000358        0x4 LONG 0x0 ADDR (.data_CCMRAM)
                0x0800035c        0x4 LONG 0x0 (ADDR (.data_CCMRAM) + SIZEOF (.data_CCMRAM))
                0x08000360                __data_regions_array_end = .
                0x08000360                __bss_regions_array_start = .
                0x08000360        0x4 LONG 0x2000008c ADDR (.bss)
                0x08000364        0x4 LONG 0x20004a48 (ADDR (.bss) + SIZEOF (.bss))
                0x08000368        0x4 LONG 0x0 ADDR (.bss_CCMRAM)
                0x0800036c        0x4 LONG 0x0 (ADDR (.bss_CCMRAM) + SIZEOF (.bss_CCMRAM))
                0x08000370                __bss_regions_array_end = .
 *(.init)
 *(.fini)
                0x08000370                . = ALIGN (0x4)
                0x08000370                PROVIDE (__preinit_array_start, .)
 *(.preinit_array_sysinit .preinit_array_sysinit.*)
 *(.preinit_array_platform .preinit_array_platform.*)
 *(.preinit_array .preinit_array.*)
                0x08000370                PROVIDE (__preinit_array_end, .)
                0x08000370                . = ALIGN (0x4)
                0x08000370                PROVIDE (__init_array_start, .)
 *(SORT(.init_array.*))
 *(.init_array)
                0x08000370                PROVIDE (__init_array_end, .)
                0x08000370                . = ALIGN (0x4)
                0x08000370                PROVIDE (__fini_array_start, .)
 *(SORT(.fini_array.*))
 *(.fini_array)
                0x08000370                PROVIDE (__fini_array_end, .)

.flashtext
 *(.flashtext .flashtext.*)

.text           0x08000370     0x1f69
 *(.text .text.*)
 .text._exit    0x08000370        0x4 ./system/src/newlib/_exit.o
                0x08000370                _exit
 .text._sbrk    0x08000374       0x44 ./system/src/newlib/_sbrk.o
                0x08000374                _sbrk
 .text.__initialize_args
                0x080003b8       0x10 ./system/src/newlib/_syscalls.o
                0x080003b8                __initialize_args
 .text.trace_printf
                0x080003c8       0x30 ./system/src/diag/Trace.o
                0x080003c8                trace_printf
 .text._trace_write_semihosting_debug
                0x080003f8       0x64 ./system/src/diag/trace_impl.o
 .text.trace_write
                0x0800045c        0x8 ./system/src/diag/trace_impl.o
                0x0800045c                trace_write
 .text.__initialize_hardware_early
                0x08000464       0x18 ./system/src/cortexm/_initialize_hardware.o
                0x08000464                __initialize_hardware_early
 .text.__initialize_hardware
                0x0800047c        0x8 ./system/src/cortexm/_initialize_hardware.o
                0x0800047c                __initialize_hardware
 .text.dumpExceptionStack
                0x08000484       0xf0 ./system/src/cortexm/exception_handlers.o
                0x08000484                dumpExceptionStack
 .text.isSemihosting
                0x08000574       0x20 ./system/src/cortexm/exception_handlers.o
                0x08000574                isSemihosting
 .text.SetSysClockTo72
                0x08000594       0xc4 ./system/src/cmsis/system_stm32f10x.o
 .text.SetSysClock
                0x08000658        0x8 ./system/src/cmsis/system_stm32f10x.o
 .text.SystemInit
                0x08000660       0x50 ./system/src/cmsis/system_stm32f10x.o
                0x08000660                SystemInit
 .text.SystemCoreClockUpdate
                0x080006b0       0x94 ./system/src/cmsis/system_stm32f10x.o
                0x080006b0                SystemCoreClockUpdate
 .text.vTask1   0x08000744       0x64 ./src/main.o
                0x08000744                vTask1
 .text.vTask2   0x080007a8       0x64 ./src/main.o
                0x080007a8                vTask2
 .text.main     0x0800080c       0x70 ./src/main.o
                0x0800080c                main
 .text.vApplicationStackOverflowHook
                0x0800087c        0x4 ./src/main.o
                0x0800087c                vApplicationStackOverflowHook
 .text.prvHeapInit
                0x08000880       0x64 ./FreeRTOS_stm32f103vg/Source/portable/MemMang/heap_4.o
 .text.prvInsertBlockIntoFreeList
                0x080008e4       0x54 ./FreeRTOS_stm32f103vg/Source/portable/MemMang/heap_4.o
 .text.pvPortMalloc
                0x08000938       0xbc ./FreeRTOS_stm32f103vg/Source/portable/MemMang/heap_4.o
                0x08000938                pvPortMalloc
 .text.vPortFree
                0x080009f4       0x4c ./FreeRTOS_stm32f103vg/Source/portable/MemMang/heap_4.o
                0x080009f4                vPortFree
 .text.prvTaskExitError
                0x08000a40       0x14 ./FreeRTOS_stm32f103vg/Source/portable/GCC/ARM_CM3/port.o
 .text.prvPortStartFirstTask
                0x08000a54       0x20 ./FreeRTOS_stm32f103vg/Source/portable/GCC/ARM_CM3/port.o
 .text.pxPortInitialiseStack
                0x08000a74       0x24 ./FreeRTOS_stm32f103vg/Source/portable/GCC/ARM_CM3/port.o
                0x08000a74                pxPortInitialiseStack
 *fill*         0x08000a98        0x8 
 .text.SVC_Handler
                0x08000aa0       0x24 ./FreeRTOS_stm32f103vg/Source/portable/GCC/ARM_CM3/port.o
                0x08000aa0                SVC_Handler
 .text.vPortEnterCritical
                0x08000ac4       0x20 ./FreeRTOS_stm32f103vg/Source/portable/GCC/ARM_CM3/port.o
                0x08000ac4                vPortEnterCritical
 .text.vPortExitCritical
                0x08000ae4       0x14 ./FreeRTOS_stm32f103vg/Source/portable/GCC/ARM_CM3/port.o
                0x08000ae4                vPortExitCritical
 *fill*         0x08000af8        0x8 
 .text.PendSV_Handler
                0x08000b00       0x44 ./FreeRTOS_stm32f103vg/Source/portable/GCC/ARM_CM3/port.o
                0x08000b00                PendSV_Handler
 .text.SysTick_Handler
                0x08000b44       0x2c ./FreeRTOS_stm32f103vg/Source/portable/GCC/ARM_CM3/port.o
                0x08000b44                SysTick_Handler
 .text.vPortSetupTimerInterrupt
                0x08000b70       0x18 ./FreeRTOS_stm32f103vg/Source/portable/GCC/ARM_CM3/port.o
                0x08000b70                vPortSetupTimerInterrupt
 .text.xPortStartScheduler
                0x08000b88       0x30 ./FreeRTOS_stm32f103vg/Source/portable/GCC/ARM_CM3/port.o
                0x08000b88                xPortStartScheduler
 .text.vListInitialise
                0x08000bb8       0x18 ./FreeRTOS_stm32f103vg/Source/list.o
                0x08000bb8                vListInitialise
 .text.vListInitialiseItem
                0x08000bd0        0x8 ./FreeRTOS_stm32f103vg/Source/list.o
                0x08000bd0                vListInitialiseItem
 .text.vListInsertEnd
                0x08000bd8       0x18 ./FreeRTOS_stm32f103vg/Source/list.o
                0x08000bd8                vListInsertEnd
 .text.vListInsert
                0x08000bf0       0x34 ./FreeRTOS_stm32f103vg/Source/list.o
                0x08000bf0                vListInsert
 .text.uxListRemove
                0x08000c24       0x24 ./FreeRTOS_stm32f103vg/Source/list.o
                0x08000c24                uxListRemove
 .text.prvIsQueueFull
                0x08000c48       0x20 ./FreeRTOS_stm32f103vg/Source/queue.o
 .text.prvIsQueueEmpty
                0x08000c68       0x1c ./FreeRTOS_stm32f103vg/Source/queue.o
 .text.prvCopyDataToQueue
                0x08000c84       0x78 ./FreeRTOS_stm32f103vg/Source/queue.o
 .text.prvCopyDataFromQueue
                0x08000cfc       0x24 ./FreeRTOS_stm32f103vg/Source/queue.o
 .text.prvUnlockQueue
                0x08000d20       0x68 ./FreeRTOS_stm32f103vg/Source/queue.o
 .text.xQueueGenericReset
                0x08000d88       0x58 ./FreeRTOS_stm32f103vg/Source/queue.o
                0x08000d88                xQueueGenericReset
 .text.prvInitialiseNewQueue
                0x08000de0       0x24 ./FreeRTOS_stm32f103vg/Source/queue.o
 .text.xQueueGenericCreate
                0x08000e04       0x34 ./FreeRTOS_stm32f103vg/Source/queue.o
                0x08000e04                xQueueGenericCreate
 .text.xQueueGenericSend
                0x08000e38       0xe4 ./FreeRTOS_stm32f103vg/Source/queue.o
                0x08000e38                xQueueGenericSend
 .text.xQueueGenericReceive
                0x08000f1c      0x11c ./FreeRTOS_stm32f103vg/Source/queue.o
                0x08000f1c                xQueueGenericReceive
 .text.prvResetNextTaskUnblockTime
                0x08001038       0x34 ./FreeRTOS_stm32f103vg/Source/tasks.o
 .text.prvDeleteTCB
                0x0800106c       0x14 ./FreeRTOS_stm32f103vg/Source/tasks.o
 .text.prvInitialiseNewTask
                0x08001080       0x90 ./FreeRTOS_stm32f103vg/Source/tasks.o
 .text.prvInitialiseTaskLists
                0x08001110       0x68 ./FreeRTOS_stm32f103vg/Source/tasks.o
 .text.prvAddNewTaskToReadyList
                0x08001178       0x90 ./FreeRTOS_stm32f103vg/Source/tasks.o
 .text.prvAddCurrentTaskToDelayedList
                0x08001208       0x98 ./FreeRTOS_stm32f103vg/Source/tasks.o
 .text.xTaskCreate
                0x080012a0       0x64 ./FreeRTOS_stm32f103vg/Source/tasks.o
                0x080012a0                xTaskCreate
 .text.vTaskStartScheduler
                0x08001304       0x60 ./FreeRTOS_stm32f103vg/Source/tasks.o
                0x08001304                vTaskStartScheduler
 .text.vTaskSuspendAll
                0x08001364       0x10 ./FreeRTOS_stm32f103vg/Source/tasks.o
                0x08001364                vTaskSuspendAll
 .text.xTaskIncrementTick
                0x08001374       0xcc ./FreeRTOS_stm32f103vg/Source/tasks.o
                0x08001374                xTaskIncrementTick
 .text.xTaskResumeAll
                0x08001440       0xc0 ./FreeRTOS_stm32f103vg/Source/tasks.o
                0x08001440                xTaskResumeAll
 .text.prvCheckTasksWaitingTermination
                0x08001500       0x54 ./FreeRTOS_stm32f103vg/Source/tasks.o
 .text.prvIdleTask
                0x08001554       0x1c ./FreeRTOS_stm32f103vg/Source/tasks.o
 .text.vTaskSwitchContext
                0x08001570       0xa8 ./FreeRTOS_stm32f103vg/Source/tasks.o
                0x08001570                vTaskSwitchContext
 .text.vTaskPlaceOnEventList
                0x08001618       0x1c ./FreeRTOS_stm32f103vg/Source/tasks.o
                0x08001618                vTaskPlaceOnEventList
 .text.xTaskRemoveFromEventList
                0x08001634       0x78 ./FreeRTOS_stm32f103vg/Source/tasks.o
                0x08001634                xTaskRemoveFromEventList
 .text.vTaskSetTimeOutState
                0x080016ac       0x18 ./FreeRTOS_stm32f103vg/Source/tasks.o
                0x080016ac                vTaskSetTimeOutState
 .text.xTaskCheckForTimeOut
                0x080016c4       0x58 ./FreeRTOS_stm32f103vg/Source/tasks.o
                0x080016c4                xTaskCheckForTimeOut
 .text.vTaskMissedYield
                0x0800171c        0xc ./FreeRTOS_stm32f103vg/Source/tasks.o
                0x0800171c                vTaskMissedYield
 .text.vTaskPriorityInherit
                0x08001728       0xa8 ./FreeRTOS_stm32f103vg/Source/tasks.o
                0x08001728                vTaskPriorityInherit
 .text.xTaskPriorityDisinherit
                0x080017d0       0x84 ./FreeRTOS_stm32f103vg/Source/tasks.o
                0x080017d0                xTaskPriorityDisinherit
 .text.pvTaskIncrementMutexHeldCount
                0x08001854       0x1c ./FreeRTOS_stm32f103vg/Source/tasks.o
                0x08001854                pvTaskIncrementMutexHeldCount
 .text.__errno  0x08001870        0xc c:/program files (x86)/gnu tools arm embedded/5.3 2016q1/bin/../lib/gcc/arm-none-eabi/5.3.1/../../../../arm-none-eabi/lib/armv7-m\libg_nano.a(lib_a-errno.o)
                0x08001870                __errno
 .text.memcpy   0x0800187c       0x16 c:/program files (x86)/gnu tools arm embedded/5.3 2016q1/bin/../lib/gcc/arm-none-eabi/5.3.1/../../../../arm-none-eabi/lib/armv7-m\libg_nano.a(lib_a-memcpy-stub.o)
                0x0800187c                memcpy
 .text.memset   0x08001892       0x10 c:/program files (x86)/gnu tools arm embedded/5.3 2016q1/bin/../lib/gcc/arm-none-eabi/5.3.1/../../../../arm-none-eabi/lib/armv7-m\libg_nano.a(lib_a-memset.o)
                0x08001892                memset
 .text._vsnprintf_r
                0x080018a2       0x56 c:/program files (x86)/gnu tools arm embedded/5.3 2016q1/bin/../lib/gcc/arm-none-eabi/5.3.1/../../../../arm-none-eabi/lib/armv7-m\libg_nano.a(lib_a-vsnprintf.o)
                0x080018a2                _vsniprintf_r
                0x080018a2                _vsnprintf_r
 .text.vsnprintf
                0x080018f8       0x1c c:/program files (x86)/gnu tools arm embedded/5.3 2016q1/bin/../lib/gcc/arm-none-eabi/5.3.1/../../../../arm-none-eabi/lib/armv7-m\libg_nano.a(lib_a-vsnprintf.o)
                0x080018f8                vsniprintf
                0x080018f8                vsnprintf
 .text.__ssputs_r
                0x08001914       0xb2 c:/program files (x86)/gnu tools arm embedded/5.3 2016q1/bin/../lib/gcc/arm-none-eabi/5.3.1/../../../../arm-none-eabi/lib/armv7-m\libg_nano.a(lib_a-nano-svfprintf.o)
                0x08001914                __ssputs_r
 *fill*         0x080019c6        0x2 
 .text._svfprintf_r
                0x080019c8      0x1e8 c:/program files (x86)/gnu tools arm embedded/5.3 2016q1/bin/../lib/gcc/arm-none-eabi/5.3.1/../../../../arm-none-eabi/lib/armv7-m\libg_nano.a(lib_a-nano-svfprintf.o)
                0x080019c8                _svfiprintf_r
                0x080019c8                _svfprintf_r
 .text._printf_common
                0x08001bb0       0xec c:/program files (x86)/gnu tools arm embedded/5.3 2016q1/bin/../lib/gcc/arm-none-eabi/5.3.1/../../../../arm-none-eabi/lib/armv7-m\libg_nano.a(lib_a-nano-vfprintf_i.o)
                0x08001bb0                _printf_common
 .text._printf_i
                0x08001c9c      0x24c c:/program files (x86)/gnu tools arm embedded/5.3 2016q1/bin/../lib/gcc/arm-none-eabi/5.3.1/../../../../arm-none-eabi/lib/armv7-m\libg_nano.a(lib_a-nano-vfprintf_i.o)
                0x08001c9c                _printf_i
 .text.memchr   0x08001ee8       0x1c c:/program files (x86)/gnu tools arm embedded/5.3 2016q1/bin/../lib/gcc/arm-none-eabi/5.3.1/../../../../arm-none-eabi/lib/armv7-m\libg_nano.a(lib_a-memchr-stub.o)
                0x08001ee8                memchr
 .text.memmove  0x08001f04       0x36 c:/program files (x86)/gnu tools arm embedded/5.3 2016q1/bin/../lib/gcc/arm-none-eabi/5.3.1/../../../../arm-none-eabi/lib/armv7-m\libg_nano.a(lib_a-memmove.o)
                0x08001f04                memmove
 *fill*         0x08001f3a        0x2 
 .text._free_r  0x08001f3c       0x88 c:/program files (x86)/gnu tools arm embedded/5.3 2016q1/bin/../lib/gcc/arm-none-eabi/5.3.1/../../../../arm-none-eabi/lib/armv7-m\libg_nano.a(lib_a-nano-freer.o)
                0x08001f3c                _free_r
 .text._malloc_r
                0x08001fc4       0xa8 c:/program files (x86)/gnu tools arm embedded/5.3 2016q1/bin/../lib/gcc/arm-none-eabi/5.3.1/../../../../arm-none-eabi/lib/armv7-m\libg_nano.a(lib_a-nano-mallocr.o)
                0x08001fc4                _malloc_r
 .text._realloc_r
                0x0800206c       0x4c c:/program files (x86)/gnu tools arm embedded/5.3 2016q1/bin/../lib/gcc/arm-none-eabi/5.3.1/../../../../arm-none-eabi/lib/armv7-m\libg_nano.a(lib_a-nano-reallocr.o)
                0x0800206c                _realloc_r
 .text._sbrk_r  0x080020b8       0x20 c:/program files (x86)/gnu tools arm embedded/5.3 2016q1/bin/../lib/gcc/arm-none-eabi/5.3.1/../../../../arm-none-eabi/lib/armv7-m\libg_nano.a(lib_a-sbrkr.o)
                0x080020b8                _sbrk_r
 .text._malloc_usable_size_r
                0x080020d8       0x14 c:/program files (x86)/gnu tools arm embedded/5.3 2016q1/bin/../lib/gcc/arm-none-eabi/5.3.1/../../../../arm-none-eabi/lib/armv7-m\libg_nano.a(lib_a-nano-msizer.o)
                0x080020d8                _malloc_usable_size_r
 *(.rodata .rodata.* .constdata .constdata.*)
 .rodata.str1.4
                0x080020ec      0x146 ./system/src/cortexm/exception_handlers.o
 *fill*         0x08002232        0x2 
 .rodata.str1.4
                0x08002234       0x67 ./src/main.o
 *fill*         0x0800229b        0x1 
 .rodata.str1.4
                0x0800229c        0x8 ./FreeRTOS_stm32f103vg/Source/tasks.o
                                  0x5 (size before relaxing)
 .rodata.str1.1
                0x080022a4        0x2 c:/program files (x86)/gnu tools arm embedded/5.3 2016q1/bin/../lib/gcc/arm-none-eabi/5.3.1/../../../../arm-none-eabi/lib/armv7-m\libg_nano.a(lib_a-impure.o)
 .rodata.str1.1
                0x080022a6       0x11 c:/program files (x86)/gnu tools arm embedded/5.3 2016q1/bin/../lib/gcc/arm-none-eabi/5.3.1/../../../../arm-none-eabi/lib/armv7-m\libg_nano.a(lib_a-nano-svfprintf.o)
 .rodata.str1.1
                0x080022b7       0x22 c:/program files (x86)/gnu tools arm embedded/5.3 2016q1/bin/../lib/gcc/arm-none-eabi/5.3.1/../../../../arm-none-eabi/lib/armv7-m\libg_nano.a(lib_a-nano-vfprintf_i.o)
 *(vtable)
 *(.eh_frame*)
 *(.glue_7)
 .glue_7        0x080022d9        0x0 linker stubs
 *(.glue_7t)
 .glue_7t       0x080022d9        0x0 linker stubs

.vfp11_veneer   0x080022dc        0x0
 .vfp11_veneer  0x080022dc        0x0 linker stubs

.v4_bx          0x080022dc        0x0
 .v4_bx         0x080022dc        0x0 linker stubs

.iplt           0x080022dc        0x0
 .iplt          0x080022dc        0x0 ./system/src/stm32f1-stdperiph/misc.o

.rel.dyn        0x080022dc        0x0
 .rel.iplt      0x080022dc        0x0 ./system/src/stm32f1-stdperiph/misc.o

.ARM.extab
 *(.ARM.extab* .gnu.linkonce.armextab.*)
                0x080022dc                . = ALIGN (0x4)
                0x080022dc                __exidx_start = .

.ARM.exidx
 *(.ARM.exidx* .gnu.linkonce.armexidx.*)
                0x080022dc                __exidx_end = .
                0x080022dc                . = ALIGN (0x4)
                0x080022dc                _etext = .
                0x080022dc                __etext = .

.data_CCMRAM    0x00000000        0x0 load address 0x080022dc
 FILL mask 0xff
 *(.data.CCMRAM .data.CCMRAM.*)
                0x00000000                . = ALIGN (0x4)
                0x080022dc                _sidata = LOADADDR (.data)

.data           0x20000000       0x8c load address 0x080022dc
 FILL mask 0xff
                0x20000000                _sdata = .
                0x20000000                __data_start__ = .
 *(.data_begin .data_begin.*)
 .data_begin    0x20000000        0x4 ./system/src/newlib/_startup.o
 *(.data .data.*)
 .data.argv.4255
                0x20000004        0x8 ./system/src/newlib/_syscalls.o
 .data.AHBPrescTable
                0x2000000c       0x10 ./system/src/cmsis/system_stm32f10x.o
                0x2000000c                AHBPrescTable
 .data.SystemCoreClock
                0x2000001c        0x4 ./system/src/cmsis/system_stm32f10x.o
                0x2000001c                SystemCoreClock
 .data.uxCriticalNesting
                0x20000020        0x4 ./FreeRTOS_stm32f103vg/Source/portable/GCC/ARM_CM3/port.o
 .data.impure_data
                0x20000024       0x60 c:/program files (x86)/gnu tools arm embedded/5.3 2016q1/bin/../lib/gcc/arm-none-eabi/5.3.1/../../../../arm-none-eabi/lib/armv7-m\libg_nano.a(lib_a-impure.o)
 .data._impure_ptr
                0x20000084        0x4 c:/program files (x86)/gnu tools arm embedded/5.3 2016q1/bin/../lib/gcc/arm-none-eabi/5.3.1/../../../../arm-none-eabi/lib/armv7-m\libg_nano.a(lib_a-impure.o)
                0x20000084                _impure_ptr
 *(.data_end .data_end.*)
 .data_end      0x20000088        0x4 ./system/src/newlib/_startup.o
                0x2000008c                . = ALIGN (0x4)
                0x2000008c                _edata = .
                0x2000008c                __data_end__ = .

.igot.plt       0x2000008c        0x0 load address 0x08002368
 .igot.plt      0x2000008c        0x0 ./system/src/stm32f1-stdperiph/misc.o

.bss_CCMRAM     0x00000000        0x0
 *(.bss.CCMRAM .bss.CCMRAM.*)

.bss            0x2000008c     0x49bc
                0x2000008c                __bss_start__ = .
                0x2000008c                _sbss = .
 *(.bss_begin .bss_begin.*)
 .bss_begin     0x2000008c        0x4 ./system/src/newlib/_startup.o
 *(.bss .bss.*)
 .bss.current_heap_end.3946
                0x20000090        0x4 ./system/src/newlib/_sbrk.o
 .bss.name.4254
                0x20000094        0x1 ./system/src/newlib/_syscalls.o
 *fill*         0x20000095        0x3 
 .bss.buf.5140  0x20000098       0x80 ./system/src/diag/Trace.o
 .bss.xSemaphore
                0x20000118        0x4 ./src/main.o
                0x20000118                xSemaphore
 .bss.xFreeBytesRemaining
                0x2000011c        0x4 ./FreeRTOS_stm32f103vg/Source/portable/MemMang/heap_4.o
 .bss.pxEnd     0x20000120        0x4 ./FreeRTOS_stm32f103vg/Source/portable/MemMang/heap_4.o
 .bss.xStart    0x20000124        0x8 ./FreeRTOS_stm32f103vg/Source/portable/MemMang/heap_4.o
 .bss.ucHeap    0x2000012c     0x4800 ./FreeRTOS_stm32f103vg/Source/portable/MemMang/heap_4.o
 .bss.xBlockAllocatedBit
                0x2000492c        0x4 ./FreeRTOS_stm32f103vg/Source/portable/MemMang/heap_4.o
 .bss.xMinimumEverFreeBytesRemaining
                0x20004930        0x4 ./FreeRTOS_stm32f103vg/Source/portable/MemMang/heap_4.o
 .bss.xNumOfOverflows
                0x20004934        0x4 ./FreeRTOS_stm32f103vg/Source/tasks.o
 .bss.pxDelayedTaskList
                0x20004938        0x4 ./FreeRTOS_stm32f103vg/Source/tasks.o
 .bss.xSchedulerRunning
                0x2000493c        0x4 ./FreeRTOS_stm32f103vg/Source/tasks.o
 .bss.xTasksWaitingTermination
                0x20004940       0x14 ./FreeRTOS_stm32f103vg/Source/tasks.o
 .bss.pxOverflowDelayedTaskList
                0x20004954        0x4 ./FreeRTOS_stm32f103vg/Source/tasks.o
 .bss.uxPendedTicks
                0x20004958        0x4 ./FreeRTOS_stm32f103vg/Source/tasks.o
 .bss.pxReadyTasksLists
                0x2000495c       0x64 ./FreeRTOS_stm32f103vg/Source/tasks.o
 .bss.uxSchedulerSuspended
                0x200049c0        0x4 ./FreeRTOS_stm32f103vg/Source/tasks.o
 .bss.uxDeletedTasksWaitingCleanUp
                0x200049c4        0x4 ./FreeRTOS_stm32f103vg/Source/tasks.o
 .bss.uxCurrentNumberOfTasks
                0x200049c8        0x4 ./FreeRTOS_stm32f103vg/Source/tasks.o
 .bss.pxCurrentTCB
                0x200049cc        0x4 ./FreeRTOS_stm32f103vg/Source/tasks.o
                0x200049cc                pxCurrentTCB
 .bss.xPendingReadyList
                0x200049d0       0x14 ./FreeRTOS_stm32f103vg/Source/tasks.o
 .bss.xIdleTaskHandle
                0x200049e4        0x4 ./FreeRTOS_stm32f103vg/Source/tasks.o
 .bss.xTickCount
                0x200049e8        0x4 ./FreeRTOS_stm32f103vg/Source/tasks.o
 .bss.xNextTaskUnblockTime
                0x200049ec        0x4 ./FreeRTOS_stm32f103vg/Source/tasks.o
 .bss.uxTaskNumber
                0x200049f0        0x4 ./FreeRTOS_stm32f103vg/Source/tasks.o
 .bss.xDelayedTaskList1
                0x200049f4       0x14 ./FreeRTOS_stm32f103vg/Source/tasks.o
 .bss.xDelayedTaskList2
                0x20004a08       0x14 ./FreeRTOS_stm32f103vg/Source/tasks.o
 .bss.xSuspendedTaskList
                0x20004a1c       0x14 ./FreeRTOS_stm32f103vg/Source/tasks.o
 .bss.uxTopReadyPriority
                0x20004a30        0x4 ./FreeRTOS_stm32f103vg/Source/tasks.o
 .bss.xYieldPending
                0x20004a34        0x4 ./FreeRTOS_stm32f103vg/Source/tasks.o
 .bss.__malloc_sbrk_start
                0x20004a38        0x4 c:/program files (x86)/gnu tools arm embedded/5.3 2016q1/bin/../lib/gcc/arm-none-eabi/5.3.1/../../../../arm-none-eabi/lib/armv7-m\libg_nano.a(lib_a-nano-mallocr.o)
                0x20004a38                __malloc_sbrk_start
 .bss.__malloc_free_list
                0x20004a3c        0x4 c:/program files (x86)/gnu tools arm embedded/5.3 2016q1/bin/../lib/gcc/arm-none-eabi/5.3.1/../../../../arm-none-eabi/lib/armv7-m\libg_nano.a(lib_a-nano-mallocr.o)
                0x20004a3c                __malloc_free_list
 *(COMMON)
 COMMON         0x20004a40        0x4 ./system/src/newlib/_syscalls.o
                0x20004a40                errno
 *(.bss_end .bss_end.*)
 .bss_end       0x20004a44        0x4 ./system/src/newlib/_startup.o
                0x20004a48                . = ALIGN (0x4)
                0x20004a48                __bss_end__ = .
                0x20004a48                _ebss = .

.noinit_CCMRAM
 *(.noinit.CCMRAM .noinit.CCMRAM.*)

.noinit         0x20004a48        0x0
                0x20004a48                _noinit = .
 *(.noinit .noinit.*)
                0x20004a48                . = ALIGN (0x4)
                0x20004a48                _end_noinit = .
                [!provide]                PROVIDE (end, _end_noinit)
                [!provide]                PROVIDE (_end, _end_noinit)
                [!provide]                PROVIDE (__end, _end_noinit)
                [!provide]                PROVIDE (__end__, _end_noinit)

._check_stack   0x20004a48      0x100
                0x20004b48                . = (. + _Minimum_Stack_Size)
 *fill*         0x20004a48      0x100 

.b1text
 *(.b1text)
 *(.b1rodata)
 *(.b1rodata.*)

.eb0text
 *(.eb0text)
 *(.eb0rodata)
 *(.eb0rodata.*)

.eb1text
 *(.eb1text)
 *(.eb1rodata)
 *(.eb1rodata.*)

.eb2text
 *(.eb2text)
 *(.eb2rodata)
 *(.eb2rodata.*)

.eb3text
 *(.eb3text)
 *(.eb3rodata)
 *(.eb3rodata.*)

.stab
 *(.stab)

.stabstr
 *(.stabstr)

.stab.excl
 *(.stab.excl)

.stab.exclstr
 *(.stab.exclstr)

.stab.index
 *(.stab.index)

.stab.indexstr
 *(.stab.indexstr)

.comment        0x00000000       0x6e
 *(.comment)
 .comment       0x00000000       0x6e ./system/src/newlib/_exit.o
                                 0x6f (size before relaxing)
 .comment       0x0000006e       0x6f ./system/src/newlib/_sbrk.o
 .comment       0x0000006e       0x6f ./system/src/newlib/_startup.o
 .comment       0x0000006e       0x6f ./system/src/newlib/_syscalls.o
 .comment       0x0000006e       0x6f ./system/src/diag/Trace.o
 .comment       0x0000006e       0x6f ./system/src/diag/trace_impl.o
 .comment       0x0000006e       0x6f ./system/src/cortexm/_initialize_hardware.o
 .comment       0x0000006e       0x6f ./system/src/cortexm/exception_handlers.o
 .comment       0x0000006e       0x6f ./system/src/cmsis/system_stm32f10x.o
 .comment       0x0000006e       0x6f ./system/src/cmsis/vectors_stm32f10x.o
 .comment       0x0000006e       0x6f ./src/main.o
 .comment       0x0000006e       0x6f ./FreeRTOS_stm32f103vg/Source/portable/MemMang/heap_4.o
 .comment       0x0000006e       0x6f ./FreeRTOS_stm32f103vg/Source/portable/GCC/ARM_CM3/port.o
 .comment       0x0000006e       0x6f ./FreeRTOS_stm32f103vg/Source/list.o
 .comment       0x0000006e       0x6f ./FreeRTOS_stm32f103vg/Source/queue.o
 .comment       0x0000006e       0x6f ./FreeRTOS_stm32f103vg/Source/tasks.o

.ARM.attributes
                0x00000000       0x31
 .ARM.attributes
                0x00000000       0x33 ./system/src/newlib/_exit.o
 .ARM.attributes
                0x00000033       0x33 ./system/src/newlib/_sbrk.o
 .ARM.attributes
                0x00000066       0x33 ./system/src/newlib/_startup.o
 .ARM.attributes
                0x00000099       0x33 ./system/src/newlib/_syscalls.o
 .ARM.attributes
                0x000000cc       0x33 ./system/src/diag/Trace.o
 .ARM.attributes
                0x000000ff       0x33 ./system/src/diag/trace_impl.o
 .ARM.attributes
                0x00000132       0x33 ./system/src/cortexm/_initialize_hardware.o
 .ARM.attributes
                0x00000165       0x33 ./system/src/cortexm/exception_handlers.o
 .ARM.attributes
                0x00000198       0x33 ./system/src/cmsis/system_stm32f10x.o
 .ARM.attributes
                0x000001cb       0x33 ./system/src/cmsis/vectors_stm32f10x.o
 .ARM.attributes
                0x000001fe       0x33 ./src/main.o
 .ARM.attributes
                0x00000231       0x33 ./FreeRTOS_stm32f103vg/Source/portable/MemMang/heap_4.o
 .ARM.attributes
                0x00000264       0x33 ./FreeRTOS_stm32f103vg/Source/portable/GCC/ARM_CM3/port.o
 .ARM.attributes
                0x00000297       0x33 ./FreeRTOS_stm32f103vg/Source/list.o
 .ARM.attributes
                0x000002ca       0x33 ./FreeRTOS_stm32f103vg/Source/queue.o
 .ARM.attributes
                0x000002fd       0x33 ./FreeRTOS_stm32f103vg/Source/tasks.o
 .ARM.attributes
                0x00000330       0x2d c:/program files (x86)/gnu tools arm embedded/5.3 2016q1/bin/../lib/gcc/arm-none-eabi/5.3.1/../../../../arm-none-eabi/lib/armv7-m\libg_nano.a(lib_a-errno.o)
 .ARM.attributes
                0x0000035d       0x2d c:/program files (x86)/gnu tools arm embedded/5.3 2016q1/bin/../lib/gcc/arm-none-eabi/5.3.1/../../../../arm-none-eabi/lib/armv7-m\libg_nano.a(lib_a-impure.o)
 .ARM.attributes
                0x0000038a       0x2d c:/program files (x86)/gnu tools arm embedded/5.3 2016q1/bin/../lib/gcc/arm-none-eabi/5.3.1/../../../../arm-none-eabi/lib/armv7-m\libg_nano.a(lib_a-memcpy-stub.o)
 .ARM.attributes
                0x000003b7       0x2d c:/program files (x86)/gnu tools arm embedded/5.3 2016q1/bin/../lib/gcc/arm-none-eabi/5.3.1/../../../../arm-none-eabi/lib/armv7-m\libg_nano.a(lib_a-memset.o)
 .ARM.attributes
                0x000003e4       0x2d c:/program files (x86)/gnu tools arm embedded/5.3 2016q1/bin/../lib/gcc/arm-none-eabi/5.3.1/../../../../arm-none-eabi/lib/armv7-m\libg_nano.a(lib_a-vsnprintf.o)
 .ARM.attributes
                0x00000411       0x2d c:/program files (x86)/gnu tools arm embedded/5.3 2016q1/bin/../lib/gcc/arm-none-eabi/5.3.1/../../../../arm-none-eabi/lib/armv7-m\libg_nano.a(lib_a-nano-svfprintf.o)
 .ARM.attributes
                0x0000043e       0x2d c:/program files (x86)/gnu tools arm embedded/5.3 2016q1/bin/../lib/gcc/arm-none-eabi/5.3.1/../../../../arm-none-eabi/lib/armv7-m\libg_nano.a(lib_a-nano-vfprintf_i.o)
 .ARM.attributes
                0x0000046b       0x2d c:/program files (x86)/gnu tools arm embedded/5.3 2016q1/bin/../lib/gcc/arm-none-eabi/5.3.1/../../../../arm-none-eabi/lib/armv7-m\libg_nano.a(lib_a-memchr-stub.o)
 .ARM.attributes
                0x00000498       0x2d c:/program files (x86)/gnu tools arm embedded/5.3 2016q1/bin/../lib/gcc/arm-none-eabi/5.3.1/../../../../arm-none-eabi/lib/armv7-m\libg_nano.a(lib_a-memmove.o)
 .ARM.attributes
                0x000004c5       0x2d c:/program files (x86)/gnu tools arm embedded/5.3 2016q1/bin/../lib/gcc/arm-none-eabi/5.3.1/../../../../arm-none-eabi/lib/armv7-m\libg_nano.a(lib_a-nano-freer.o)
 .ARM.attributes
                0x000004f2       0x2d c:/program files (x86)/gnu tools arm embedded/5.3 2016q1/bin/../lib/gcc/arm-none-eabi/5.3.1/../../../../arm-none-eabi/lib/armv7-m\libg_nano.a(lib_a-nano-mallocr.o)
 .ARM.attributes
                0x0000051f       0x2d c:/program files (x86)/gnu tools arm embedded/5.3 2016q1/bin/../lib/gcc/arm-none-eabi/5.3.1/../../../../arm-none-eabi/lib/armv7-m\libg_nano.a(lib_a-nano-reallocr.o)
 .ARM.attributes
                0x0000054c       0x2d c:/program files (x86)/gnu tools arm embedded/5.3 2016q1/bin/../lib/gcc/arm-none-eabi/5.3.1/../../../../arm-none-eabi/lib/armv7-m\libg_nano.a(lib_a-sbrkr.o)
 .ARM.attributes
                0x00000579       0x2d c:/program files (x86)/gnu tools arm embedded/5.3 2016q1/bin/../lib/gcc/arm-none-eabi/5.3.1/../../../../arm-none-eabi/lib/armv7-m\libg_nano.a(lib_a-nano-msizer.o)

.debug
 *(.debug)

.line
 *(.line)

.debug_srcinfo
 *(.debug_srcinfo)

.debug_sfnames
 *(.debug_sfnames)

.debug_aranges  0x00000000      0x628
 *(.debug_aranges)
 .debug_aranges
                0x00000000       0x28 ./system/src/newlib/_exit.o
 .debug_aranges
                0x00000028       0x20 ./system/src/newlib/_sbrk.o
 .debug_aranges
                0x00000048       0x40 ./system/src/newlib/_startup.o
 .debug_aranges
                0x00000088       0x30 ./system/src/newlib/_syscalls.o
 .debug_aranges
                0x000000b8       0x38 ./system/src/diag/Trace.o
 .debug_aranges
                0x000000f0       0x30 ./system/src/diag/trace_impl.o
 .debug_aranges
                0x00000120       0x28 ./system/src/cortexm/_initialize_hardware.o
 .debug_aranges
                0x00000148       0x78 ./system/src/cortexm/exception_handlers.o
 .debug_aranges
                0x000001c0       0x38 ./system/src/cmsis/system_stm32f10x.o
 .debug_aranges
                0x000001f8       0x20 ./system/src/cmsis/vectors_stm32f10x.o
 .debug_aranges
                0x00000218       0x50 ./src/main.o
 .debug_aranges
                0x00000268       0x50 ./FreeRTOS_stm32f103vg/Source/portable/MemMang/heap_4.o
 .debug_aranges
                0x000002b8       0x70 ./FreeRTOS_stm32f103vg/Source/portable/GCC/ARM_CM3/port.o
 .debug_aranges
                0x00000328       0x40 ./FreeRTOS_stm32f103vg/Source/list.o
 .debug_aranges
                0x00000368       0xf8 ./FreeRTOS_stm32f103vg/Source/queue.o
 .debug_aranges
                0x00000460      0x1c8 ./FreeRTOS_stm32f103vg/Source/tasks.o

.debug_pubnames
 *(.debug_pubnames)

.debug_info     0x00000000     0x629c
 *(.debug_info .gnu.linkonce.wi.*)
 .debug_info    0x00000000       0xef ./system/src/newlib/_exit.o
 .debug_info    0x000000ef      0x11f ./system/src/newlib/_sbrk.o
 .debug_info    0x0000020e      0x455 ./system/src/newlib/_startup.o
 .debug_info    0x00000663      0x1bc ./system/src/newlib/_syscalls.o
 .debug_info    0x0000081f      0x2e6 ./system/src/diag/Trace.o
 .debug_info    0x00000b05      0x30b ./system/src/diag/trace_impl.o
 .debug_info    0x00000e10      0x2b1 ./system/src/cortexm/_initialize_hardware.o
 .debug_info    0x000010c1      0x8af ./system/src/cortexm/exception_handlers.o
 .debug_info    0x00001970      0x497 ./system/src/cmsis/system_stm32f10x.o
 .debug_info    0x00001e07       0xd1 ./system/src/cmsis/vectors_stm32f10x.o
 .debug_info    0x00001ed8      0x40f ./src/main.o
 .debug_info    0x000022e7      0x35e ./FreeRTOS_stm32f103vg/Source/portable/MemMang/heap_4.o
 .debug_info    0x00002645      0x302 ./FreeRTOS_stm32f103vg/Source/portable/GCC/ARM_CM3/port.o
 .debug_info    0x00002947      0x29a ./FreeRTOS_stm32f103vg/Source/list.o
 .debug_info    0x00002be1     0x13f8 ./FreeRTOS_stm32f103vg/Source/queue.o
 .debug_info    0x00003fd9     0x22c3 ./FreeRTOS_stm32f103vg/Source/tasks.o

.debug_abbrev   0x00000000     0x1761
 *(.debug_abbrev)
 .debug_abbrev  0x00000000       0x8e ./system/src/newlib/_exit.o
 .debug_abbrev  0x0000008e       0xb9 ./system/src/newlib/_sbrk.o
 .debug_abbrev  0x00000147      0x1ac ./system/src/newlib/_startup.o
 .debug_abbrev  0x000002f3       0xec ./system/src/newlib/_syscalls.o
 .debug_abbrev  0x000003df      0x145 ./system/src/diag/Trace.o
 .debug_abbrev  0x00000524      0x1c8 ./system/src/diag/trace_impl.o
 .debug_abbrev  0x000006ec       0xea ./system/src/cortexm/_initialize_hardware.o
 .debug_abbrev  0x000007d6      0x247 ./system/src/cortexm/exception_handlers.o
 .debug_abbrev  0x00000a1d      0x159 ./system/src/cmsis/system_stm32f10x.o
 .debug_abbrev  0x00000b76       0x9d ./system/src/cmsis/vectors_stm32f10x.o
 .debug_abbrev  0x00000c13      0x183 ./src/main.o
 .debug_abbrev  0x00000d96      0x1ae ./FreeRTOS_stm32f103vg/Source/portable/MemMang/heap_4.o
 .debug_abbrev  0x00000f44      0x1dd ./FreeRTOS_stm32f103vg/Source/portable/GCC/ARM_CM3/port.o
 .debug_abbrev  0x00001121       0xdf ./FreeRTOS_stm32f103vg/Source/list.o
 .debug_abbrev  0x00001200      0x247 ./FreeRTOS_stm32f103vg/Source/queue.o
 .debug_abbrev  0x00001447      0x31a ./FreeRTOS_stm32f103vg/Source/tasks.o

.debug_line     0x00000000     0x4fc6
 *(.debug_line)
 .debug_line    0x00000000      0x324 ./system/src/newlib/_exit.o
 .debug_line    0x00000324      0x2d5 ./system/src/newlib/_sbrk.o
 .debug_line    0x000005f9      0x38b ./system/src/newlib/_startup.o
 .debug_line    0x00000984      0x3d8 ./system/src/newlib/_syscalls.o
 .debug_line    0x00000d5c      0x385 ./system/src/diag/Trace.o
 .debug_line    0x000010e1      0x60a ./system/src/diag/trace_impl.o
 .debug_line    0x000016eb      0x373 ./system/src/cortexm/_initialize_hardware.o
 .debug_line    0x00001a5e      0x69b ./system/src/cortexm/exception_handlers.o
 .debug_line    0x000020f9      0x3d3 ./system/src/cmsis/system_stm32f10x.o
 .debug_line    0x000024cc      0x103 ./system/src/cmsis/vectors_stm32f10x.o
 .debug_line    0x000025cf      0x807 ./src/main.o
 .debug_line    0x00002dd6      0x527 ./FreeRTOS_stm32f103vg/Source/portable/MemMang/heap_4.o
 .debug_line    0x000032fd      0x37b ./FreeRTOS_stm32f103vg/Source/portable/GCC/ARM_CM3/port.o
 .debug_line    0x00003678      0x49d ./FreeRTOS_stm32f103vg/Source/list.o
 .debug_line    0x00003b15      0x801 ./FreeRTOS_stm32f103vg/Source/queue.o
 .debug_line    0x00004316      0xcb0 ./FreeRTOS_stm32f103vg/Source/tasks.o

.debug_frame    0x00000000     0x11cc
 *(.debug_frame)
 .debug_frame   0x00000000       0x38 ./system/src/newlib/_exit.o
 .debug_frame   0x00000038       0x28 ./system/src/newlib/_sbrk.o
 .debug_frame   0x00000060       0x7c ./system/src/newlib/_startup.o
 .debug_frame   0x000000dc       0x50 ./system/src/newlib/_syscalls.o
 .debug_frame   0x0000012c       0x94 ./system/src/diag/Trace.o
 .debug_frame   0x000001c0       0x60 ./system/src/diag/trace_impl.o
 .debug_frame   0x00000220       0x40 ./system/src/cortexm/_initialize_hardware.o
 .debug_frame   0x00000260      0x128 ./system/src/cortexm/exception_handlers.o
 .debug_frame   0x00000388       0x68 ./system/src/cmsis/system_stm32f10x.o
 .debug_frame   0x000003f0       0x20 ./system/src/cmsis/vectors_stm32f10x.o
 .debug_frame   0x00000410       0xa4 ./src/main.o
 .debug_frame   0x000004b4       0xac ./FreeRTOS_stm32f103vg/Source/portable/MemMang/heap_4.o
 .debug_frame   0x00000560       0xd0 ./FreeRTOS_stm32f103vg/Source/portable/GCC/ARM_CM3/port.o
 .debug_frame   0x00000630       0x6c ./FreeRTOS_stm32f103vg/Source/list.o
 .debug_frame   0x0000069c      0x2e0 ./FreeRTOS_stm32f103vg/Source/queue.o
 .debug_frame   0x0000097c      0x580 ./FreeRTOS_stm32f103vg/Source/tasks.o
 .debug_frame   0x00000efc       0x20 c:/program files (x86)/gnu tools arm embedded/5.3 2016q1/bin/../lib/gcc/arm-none-eabi/5.3.1/../../../../arm-none-eabi/lib/armv7-m\libg_nano.a(lib_a-errno.o)
 .debug_frame   0x00000f1c       0x28 c:/program files (x86)/gnu tools arm embedded/5.3 2016q1/bin/../lib/gcc/arm-none-eabi/5.3.1/../../../../arm-none-eabi/lib/armv7-m\libg_nano.a(lib_a-memcpy-stub.o)
 .debug_frame   0x00000f44       0x20 c:/program files (x86)/gnu tools arm embedded/5.3 2016q1/bin/../lib/gcc/arm-none-eabi/5.3.1/../../../../arm-none-eabi/lib/armv7-m\libg_nano.a(lib_a-memset.o)
 .debug_frame   0x00000f64       0x48 c:/program files (x86)/gnu tools arm embedded/5.3 2016q1/bin/../lib/gcc/arm-none-eabi/5.3.1/../../../../arm-none-eabi/lib/armv7-m\libg_nano.a(lib_a-vsnprintf.o)
 .debug_frame   0x00000fac       0x90 c:/program files (x86)/gnu tools arm embedded/5.3 2016q1/bin/../lib/gcc/arm-none-eabi/5.3.1/../../../../arm-none-eabi/lib/armv7-m\libg_nano.a(lib_a-nano-svfprintf.o)
 .debug_frame   0x0000103c       0x60 c:/program files (x86)/gnu tools arm embedded/5.3 2016q1/bin/../lib/gcc/arm-none-eabi/5.3.1/../../../../arm-none-eabi/lib/armv7-m\libg_nano.a(lib_a-nano-vfprintf_i.o)
 .debug_frame   0x0000109c       0x28 c:/program files (x86)/gnu tools arm embedded/5.3 2016q1/bin/../lib/gcc/arm-none-eabi/5.3.1/../../../../arm-none-eabi/lib/armv7-m\libg_nano.a(lib_a-memchr-stub.o)
 .debug_frame   0x000010c4       0x28 c:/program files (x86)/gnu tools arm embedded/5.3 2016q1/bin/../lib/gcc/arm-none-eabi/5.3.1/../../../../arm-none-eabi/lib/armv7-m\libg_nano.a(lib_a-memmove.o)
 .debug_frame   0x000010ec       0x2c c:/program files (x86)/gnu tools arm embedded/5.3 2016q1/bin/../lib/gcc/arm-none-eabi/5.3.1/../../../../arm-none-eabi/lib/armv7-m\libg_nano.a(lib_a-nano-freer.o)
 .debug_frame   0x00001118       0x2c c:/program files (x86)/gnu tools arm embedded/5.3 2016q1/bin/../lib/gcc/arm-none-eabi/5.3.1/../../../../arm-none-eabi/lib/armv7-m\libg_nano.a(lib_a-nano-mallocr.o)
 .debug_frame   0x00001144       0x3c c:/program files (x86)/gnu tools arm embedded/5.3 2016q1/bin/../lib/gcc/arm-none-eabi/5.3.1/../../../../arm-none-eabi/lib/armv7-m\libg_nano.a(lib_a-nano-reallocr.o)
 .debug_frame   0x00001180       0x2c c:/program files (x86)/gnu tools arm embedded/5.3 2016q1/bin/../lib/gcc/arm-none-eabi/5.3.1/../../../../arm-none-eabi/lib/armv7-m\libg_nano.a(lib_a-sbrkr.o)
 .debug_frame   0x000011ac       0x20 c:/program files (x86)/gnu tools arm embedded/5.3 2016q1/bin/../lib/gcc/arm-none-eabi/5.3.1/../../../../arm-none-eabi/lib/armv7-m\libg_nano.a(lib_a-nano-msizer.o)

.debug_str      0x00000000    0x5b796
 *(.debug_str)
 .debug_str     0x00000000     0x6992 ./system/src/newlib/_exit.o
                               0x6b04 (size before relaxing)
 .debug_str     0x00006992      0x35e ./system/src/newlib/_sbrk.o
                               0x5eef (size before relaxing)
 .debug_str     0x00006cf0      0xbc5 ./system/src/newlib/_startup.o
                               0x5a8a (size before relaxing)
 .debug_str     0x000078b5      0xe06 ./system/src/newlib/_syscalls.o
                               0x6d37 (size before relaxing)
 .debug_str     0x000086bb      0x883 ./system/src/diag/Trace.o
                               0x72d7 (size before relaxing)
 .debug_str     0x00008f3e    0x4b2af ./system/src/diag/trace_impl.o
                              0x51a9a (size before relaxing)
 .debug_str     0x000541ed       0xc4 ./system/src/cortexm/_initialize_hardware.o
                              0x4e01a (size before relaxing)
 .debug_str     0x000542b1      0x17d ./system/src/cortexm/exception_handlers.o
                              0x5284a (size before relaxing)
 .debug_str     0x0005442e      0x124 ./system/src/cmsis/system_stm32f10x.o
                              0x4e0c4 (size before relaxing)
 .debug_str     0x00054552       0x57 ./system/src/cmsis/vectors_stm32f10x.o
                               0x3069 (size before relaxing)
 .debug_str     0x000545a9     0x44df ./src/main.o
                              0x57084 (size before relaxing)
 .debug_str     0x00058a88      0x2c1 ./FreeRTOS_stm32f103vg/Source/portable/MemMang/heap_4.o
                               0x94c9 (size before relaxing)
 .debug_str     0x00058d49      0x6da ./FreeRTOS_stm32f103vg/Source/portable/GCC/ARM_CM3/port.o
                               0x6ef1 (size before relaxing)
 .debug_str     0x00059423      0x131 ./FreeRTOS_stm32f103vg/Source/list.o
                               0x8dbb (size before relaxing)
 .debug_str     0x00059554      0x75e ./FreeRTOS_stm32f103vg/Source/queue.o
                               0xa3bc (size before relaxing)
 .debug_str     0x00059cb2     0x1ae4 ./FreeRTOS_stm32f103vg/Source/tasks.o
                               0xb1d3 (size before relaxing)

.debug_loc      0x00000000     0x3391
 *(.debug_loc)
 .debug_loc     0x00000000       0x82 ./system/src/newlib/_sbrk.o
 .debug_loc     0x00000082      0x265 ./system/src/newlib/_startup.o
 .debug_loc     0x000002e7       0x63 ./system/src/newlib/_syscalls.o
 .debug_loc     0x0000034a      0x102 ./system/src/diag/Trace.o
 .debug_loc     0x0000044c      0x17c ./system/src/diag/trace_impl.o
 .debug_loc     0x000005c8      0x2a8 ./system/src/cortexm/exception_handlers.o
 .debug_loc     0x00000870       0xdf ./system/src/cmsis/system_stm32f10x.o
 .debug_loc     0x0000094f       0x42 ./src/main.o
 .debug_loc     0x00000991      0x2ad ./FreeRTOS_stm32f103vg/Source/portable/MemMang/heap_4.o
 .debug_loc     0x00000c3e       0xa8 ./FreeRTOS_stm32f103vg/Source/portable/GCC/ARM_CM3/port.o
 .debug_loc     0x00000ce6       0x65 ./FreeRTOS_stm32f103vg/Source/list.o
 .debug_loc     0x00000d4b      0xfcc ./FreeRTOS_stm32f103vg/Source/queue.o
 .debug_loc     0x00001d17     0x167a ./FreeRTOS_stm32f103vg/Source/tasks.o

.debug_macinfo
 *(.debug_macinfo)

.debug_weaknames
 *(.debug_weaknames)

.debug_funcnames
 *(.debug_funcnames)

.debug_typenames
 *(.debug_typenames)

.debug_varnames
 *(.debug_varnames)
OUTPUT(FreeRTOS_STM32F103.elf elf32-littlearm)

.debug_ranges   0x00000000      0x5d8
 .debug_ranges  0x00000000       0x18 ./system/src/newlib/_exit.o
 .debug_ranges  0x00000018       0x10 ./system/src/newlib/_sbrk.o
 .debug_ranges  0x00000028       0x48 ./system/src/newlib/_startup.o
 .debug_ranges  0x00000070       0x20 ./system/src/newlib/_syscalls.o
 .debug_ranges  0x00000090       0x28 ./system/src/diag/Trace.o
 .debug_ranges  0x000000b8       0x38 ./system/src/diag/trace_impl.o
 .debug_ranges  0x000000f0       0x18 ./system/src/cortexm/_initialize_hardware.o
 .debug_ranges  0x00000108       0x80 ./system/src/cortexm/exception_handlers.o
 .debug_ranges  0x00000188       0x28 ./system/src/cmsis/system_stm32f10x.o
 .debug_ranges  0x000001b0       0x10 ./system/src/cmsis/vectors_stm32f10x.o
 .debug_ranges  0x000001c0       0x40 ./src/main.o
 .debug_ranges  0x00000200       0x40 ./FreeRTOS_stm32f103vg/Source/portable/MemMang/heap_4.o
 .debug_ranges  0x00000240       0x60 ./FreeRTOS_stm32f103vg/Source/portable/GCC/ARM_CM3/port.o
 .debug_ranges  0x000002a0       0x30 ./FreeRTOS_stm32f103vg/Source/list.o
 .debug_ranges  0x000002d0      0x130 ./FreeRTOS_stm32f103vg/Source/queue.o
 .debug_ranges  0x00000400      0x1d8 ./FreeRTOS_stm32f103vg/Source/tasks.o

.debug_macro    0x00000000     0x39e0
 .debug_macro   0x00000000      0x182 ./system/src/newlib/_exit.o
 .debug_macro   0x00000182       0x9c ./system/src/newlib/_exit.o
 .debug_macro   0x0000021e      0x10e ./system/src/newlib/_exit.o
 .debug_macro   0x0000032c       0x8d ./system/src/newlib/_exit.o
 .debug_macro   0x000003b9       0x43 ./system/src/newlib/_exit.o
 .debug_macro   0x000003fc      0x30d ./system/src/newlib/_exit.o
 .debug_macro   0x00000709       0x35 ./system/src/newlib/_exit.o
 .debug_macro   0x0000073e      0x137 ./system/src/newlib/_sbrk.o
 .debug_macro   0x00000875      0x174 ./system/src/newlib/_sbrk.o
 .debug_macro   0x000009e9       0x10 ./system/src/newlib/_sbrk.o
 .debug_macro   0x000009f9      0x23b ./system/src/newlib/_sbrk.o
 .debug_macro   0x00000c34      0x141 ./system/src/newlib/_startup.o
 .debug_macro   0x00000d75      0x1d6 ./system/src/newlib/_syscalls.o
 .debug_macro   0x00000f4b       0x1c ./system/src/newlib/_syscalls.o
 .debug_macro   0x00000f67       0x10 ./system/src/newlib/_syscalls.o
 .debug_macro   0x00000f77       0x10 ./system/src/newlib/_syscalls.o
 .debug_macro   0x00000f87       0x10 ./system/src/newlib/_syscalls.o
 .debug_macro   0x00000f97       0x35 ./system/src/newlib/_syscalls.o
 .debug_macro   0x00000fcc      0x122 ./system/src/newlib/_syscalls.o
 .debug_macro   0x000010ee       0x88 ./system/src/newlib/_syscalls.o
 .debug_macro   0x00001176       0x2b ./system/src/newlib/_syscalls.o
 .debug_macro   0x000011a1      0x118 ./system/src/newlib/_syscalls.o
 .debug_macro   0x000012b9      0x159 ./system/src/newlib/_syscalls.o
 .debug_macro   0x00001412       0x16 ./system/src/newlib/_syscalls.o
 .debug_macro   0x00001428      0x1af ./system/src/diag/Trace.o
 .debug_macro   0x000015d7       0x16 ./system/src/diag/Trace.o
 .debug_macro   0x000015ed       0x97 ./system/src/diag/Trace.o
 .debug_macro   0x00001684       0xfd ./system/src/diag/Trace.o
 .debug_macro   0x00001781       0x10 ./system/src/diag/Trace.o
 .debug_macro   0x00001791       0x16 ./system/src/diag/Trace.o
 .debug_macro   0x000017a7      0x182 ./system/src/diag/Trace.o
 .debug_macro   0x00001929       0x52 ./system/src/diag/Trace.o
 .debug_macro   0x0000197b       0x16 ./system/src/diag/Trace.o
 .debug_macro   0x00001991      0x2a8 ./system/src/diag/trace_impl.o
 .debug_macro   0x00001c39       0x10 ./system/src/diag/trace_impl.o
 .debug_macro   0x00001c49       0xcf ./system/src/diag/trace_impl.o
 .debug_macro   0x00001d18       0x19 ./system/src/diag/trace_impl.o
 .debug_macro   0x00001d31       0xbe ./system/src/diag/trace_impl.o
 .debug_macro   0x00001def       0x22 ./system/src/diag/trace_impl.o
 .debug_macro   0x00001e11      0x16b ./system/src/cortexm/_initialize_hardware.o
 .debug_macro   0x00001f7c      0x2de ./system/src/cortexm/exception_handlers.o
 .debug_macro   0x0000225a       0x3b ./system/src/cortexm/exception_handlers.o
 .debug_macro   0x00002295       0x10 ./system/src/cortexm/exception_handlers.o
 .debug_macro   0x000022a5      0x16e ./system/src/cmsis/system_stm32f10x.o
 .debug_macro   0x00002413       0x34 ./system/src/cmsis/vectors_stm32f10x.o
 .debug_macro   0x00002447      0x38e ./src/main.o
 .debug_macro   0x000027d5       0xe1 ./src/main.o
 .debug_macro   0x000028b6      0x168 ./src/main.o
 .debug_macro   0x00002a1e       0xe4 ./src/main.o
 .debug_macro   0x00002b02       0x10 ./src/main.o
 .debug_macro   0x00002b12       0x1f ./src/main.o
 .debug_macro   0x00002b31      0x416 ./src/main.o
 .debug_macro   0x00002f47       0xc0 ./src/main.o
 .debug_macro   0x00003007       0x8c ./src/main.o
 .debug_macro   0x00003093       0x94 ./src/main.o
 .debug_macro   0x00003127       0x78 ./src/main.o
 .debug_macro   0x0000319f      0x185 ./FreeRTOS_stm32f103vg/Source/portable/MemMang/heap_4.o
 .debug_macro   0x00003324      0x14b ./FreeRTOS_stm32f103vg/Source/portable/GCC/ARM_CM3/port.o
 .debug_macro   0x0000346f      0x15e ./FreeRTOS_stm32f103vg/Source/list.o
 .debug_macro   0x000035cd      0x1d0 ./FreeRTOS_stm32f103vg/Source/queue.o
 .debug_macro   0x0000379d      0x233 ./FreeRTOS_stm32f103vg/Source/tasks.o
 .debug_macro   0x000039d0       0x10 ./FreeRTOS_stm32f103vg/Source/tasks.o
